!
!!!!!!!!!!!!!!!!!!!!!!!!!!!!!!!!
!!!!!!!!!!!!!!!!!!!!!!!!!!!!!!!!
!!!!!!!!!!!!!!!!!!!!!!!!!!!!!!!!
!!!!!!!!!!!!!!!!!!!!!!!!!!!!!!!!
!!!!!! !!!!!!!"!#!$!%!!!!!!!!!!!"!#!$!%!!!!!!!&!!!'!(!!
!!!)!*!+!,!-!-!-!-!.!/!-!-!-!-!-!-!-!.!/!-!-!-!-!0!*!+!1!2!!
!!!3!4!5!6!7!7!7!7!-!-!7!8!9!:!;!<!7!-!-!7!<!7!7!0!4!5!1!2!!
!!!=!>!?!6!@!A!B!7!7!7!7!C!D!E!F!7!7!<!7!<!@!A!B!G!>!?!1!H!!
!!!3!*!+!6!I!J!K!7!7!7!7!L!M!N!O!<!7!7!7!7!I!J!K!0!*!+!1!2!P!
!!!3!4!5!6!7!Q!7!7!7!7!7!7!7!7!7!7!7!7!7!7!7!Q!7!0!4!5!1!2!R!
!!!=!S!T!6!7!7!7!7!7!7!7!7!7!7!7!7!7!7!7!7!7!7!8!G!S!T!1!2!U!
!!!!!!6!7!7!7!7!7!7!7!7!7!7!<!7!7!7!7!7!7!7!7!0!!!!H!V!
!!W!X!$!"!Y!7!7!7!7!7!7!7!Z![!\!]!^!7!7!7!7!7!7!7!_!%!X!$!!`!
!!a!b!c!-!<!7!7!7!7!7!7!7!d!e!f!g!h!7!7!7!7!7!7!<!<!-!b!c!
!i!
!!a!j!c!7!7!7!7!7!7!7!7!7!k!l!m!n!o!7!7!7!7!7!<!7!7!<!j!c!p!!
!!a!!!!7!7!7!7!<!7!7!7!<!-!-!-!<!7!7!7!7!7!7!7!7!!!!!!
!!!!!!q!7!7!7!7!7!7!7!7!7!7!7!7!7!7!7!<!7!<!7!r!!!'!!`!
!!!)!*!+!6!7!7!7!7!7!7!7!7!7!7!7!7!7!<!7!<!7!7!7!0!*!+!1!s!!
!!!3!4!5!6!@!A!B!7!7!7!7!<!7!7!7!<!7!7!7!7!@!A!B!0!4!5!1!s!!
!!!=!>!?!6!I!J!K!7!7!7!7!7!7!7!7!7!7!<!7!7!I!J!K!0!>!?!1!s!!
!!!3!*!+!6!7!Q!7!7!7!7!7!<!7!7!7!7!7!7!7!7!<!Q!C!0!*!+!1!s!W!
!!t!3!4!5!6!7!7!<!7!7!7!7!7!7!7!7!<!7!<!7!7!7!7!7!0!4!5!1!a!a!u!u!v!=!S!T!6!7!7!7!<!7!7!7!7!7!7!7!7!7!7!<!7!7!7!7!0!S!T!1!w!w!x!u!y!z!{!{!{!{!{!{!{!{!{!{!#!|!|!$!z!{!{!{!{!{!{!{!{!{!{!}!~!!
!!!€!!!!!!!!!!‚!.!ƒ!ƒ!/!€!!!!!!!!!!!‚!!!
!!W!%!!!!!!!!!!!!!!!!!!!„!x!u!x!u!…!!!!!!!!!!!!!!!!!!!!!"!!!
!!!!!!!!!!†!‡!‡!ˆ!u!x!u!u!‰!‡!‡!Š!!!!!!!!‹!!!
!!!`!`!`!`!`!`!`!Œ!t!!Ž!x!u!x!u!y!w!t!!`!`!`!`!`!`!`!`!`!`!
!!!!!!!!!!!!!!!!!!!!!!!!!!!!!!!!
!!!!!!!!!!!!!!!!!!!!!!!!!!!!!!!!
!!!!!!!!!!!!!!!!!!!!!!!!!!!!!!!!
!!2!!!!!!!!!!!!!!!!!!!!!!!!!!!!!